# interpreter
sh -c 'cd -- "$1" || exit 70; IFS= read -r JUPYTER_TOKEN || exit 71; export JUPYTER_TOKEN; echo "PARALLAX_PID=$$"; shift; exec "$@"' sh '/home/student/course work/week 1' '/opt/conda/envs/ds/bin/python' '-m' 'jupyter_server' '--ServerApp.ip=127.0.0.1' '--ServerApp.port=34567' '--ServerApp.port_retries=0' '--ServerApp.open_browser=False' '--ServerApp.root_dir=/home/student/course work/week 1' '--ServerApp.allow_remote_access=False' '--ParallaxMarker.session=7b1d2e3f-4a5b-4c6d-8e7f-9a0b1c2d3e4f'
# login shell, interpreter under ~/
bash -lc 'cd -- "$1" || exit 70; IFS= read -r JUPYTER_TOKEN || exit 71; export JUPYTER_TOKEN; echo "PARALLAX_PID=$$"; shift; exec "$@"' sh '/scratch/student/bio101' "$HOME"/'miniconda3/bin/python' '-m' 'jupyter_server' '--ServerApp.ip=127.0.0.1' '--ServerApp.port=34567' '--ServerApp.port_retries=0' '--ServerApp.open_browser=False' '--ServerApp.root_dir=/scratch/student/bio101' '--ServerApp.allow_remote_access=False' '--ParallaxMarker.session=7b1d2e3f-4a5b-4c6d-8e7f-9a0b1c2d3e4f'
# jupyter from PATH, a quote in the workspace
sh -c 'cd -- "$1" || exit 70; IFS= read -r JUPYTER_TOKEN || exit 71; export JUPYTER_TOKEN; echo "PARALLAX_PID=$$"; shift; exec "$@"' sh '/home/o'\''brien/notebooks' 'jupyter' 'server' '--ServerApp.ip=127.0.0.1' '--ServerApp.port=34567' '--ServerApp.port_retries=0' '--ServerApp.open_browser=False' '--ServerApp.root_dir=/home/o'\''brien/notebooks' '--ServerApp.allow_remote_access=False' '--ParallaxMarker.session=7b1d2e3f-4a5b-4c6d-8e7f-9a0b1c2d3e4f'
